
lab2_skel.elf:     file format elf32-avr

Sections:
Idx Name          Size      VMA       LMA       File off  Algn
  0 .data         0000000c  00800100  00000376  0000040a  2**0
                  CONTENTS, ALLOC, LOAD, DATA
  1 .text         00000376  00000000  00000000  00000094  2**1
                  CONTENTS, ALLOC, LOAD, READONLY, CODE
  2 .bss          00000015  0080010c  0080010c  00000416  2**0
                  ALLOC
  3 .comment      00000030  00000000  00000000  00000416  2**0
                  CONTENTS, READONLY
  4 .note.gnu.avr.deviceinfo 0000003c  00000000  00000000  00000448  2**2
                  CONTENTS, READONLY
  5 .debug_aranges 00000028  00000000  00000000  00000484  2**0
                  CONTENTS, READONLY, DEBUGGING
  6 .debug_info   00000a65  00000000  00000000  000004ac  2**0
                  CONTENTS, READONLY, DEBUGGING
  7 .debug_abbrev 0000089b  00000000  00000000  00000f11  2**0
                  CONTENTS, READONLY, DEBUGGING
  8 .debug_line   000001f1  00000000  00000000  000017ac  2**0
                  CONTENTS, READONLY, DEBUGGING
  9 .debug_frame  0000004c  00000000  00000000  000019a0  2**2
                  CONTENTS, READONLY, DEBUGGING
 10 .debug_str    000003bb  00000000  00000000  000019ec  2**0
                  CONTENTS, READONLY, DEBUGGING
 11 .debug_loc    00000357  00000000  00000000  00001da7  2**0
                  CONTENTS, READONLY, DEBUGGING
 12 .debug_ranges 00000030  00000000  00000000  000020fe  2**0
                  CONTENTS, READONLY, DEBUGGING

Disassembly of section .text:

00000000 <__vectors>:
   0:	0c 94 46 00 	jmp	0x8c	; 0x8c <__ctors_end>
   4:	0c 94 65 00 	jmp	0xca	; 0xca <__bad_interrupt>
   8:	0c 94 65 00 	jmp	0xca	; 0xca <__bad_interrupt>
   c:	0c 94 65 00 	jmp	0xca	; 0xca <__bad_interrupt>
  10:	0c 94 65 00 	jmp	0xca	; 0xca <__bad_interrupt>
  14:	0c 94 65 00 	jmp	0xca	; 0xca <__bad_interrupt>
  18:	0c 94 65 00 	jmp	0xca	; 0xca <__bad_interrupt>
  1c:	0c 94 65 00 	jmp	0xca	; 0xca <__bad_interrupt>
  20:	0c 94 65 00 	jmp	0xca	; 0xca <__bad_interrupt>
  24:	0c 94 65 00 	jmp	0xca	; 0xca <__bad_interrupt>
  28:	0c 94 65 00 	jmp	0xca	; 0xca <__bad_interrupt>
  2c:	0c 94 65 00 	jmp	0xca	; 0xca <__bad_interrupt>
  30:	0c 94 65 00 	jmp	0xca	; 0xca <__bad_interrupt>
  34:	0c 94 65 00 	jmp	0xca	; 0xca <__bad_interrupt>
  38:	0c 94 65 00 	jmp	0xca	; 0xca <__bad_interrupt>
  3c:	0c 94 65 00 	jmp	0xca	; 0xca <__bad_interrupt>
  40:	0c 94 65 00 	jmp	0xca	; 0xca <__bad_interrupt>
  44:	0c 94 65 00 	jmp	0xca	; 0xca <__bad_interrupt>
  48:	0c 94 65 00 	jmp	0xca	; 0xca <__bad_interrupt>
  4c:	0c 94 65 00 	jmp	0xca	; 0xca <__bad_interrupt>
  50:	0c 94 65 00 	jmp	0xca	; 0xca <__bad_interrupt>
  54:	0c 94 65 00 	jmp	0xca	; 0xca <__bad_interrupt>
  58:	0c 94 65 00 	jmp	0xca	; 0xca <__bad_interrupt>
  5c:	0c 94 65 00 	jmp	0xca	; 0xca <__bad_interrupt>
  60:	0c 94 65 00 	jmp	0xca	; 0xca <__bad_interrupt>
  64:	0c 94 65 00 	jmp	0xca	; 0xca <__bad_interrupt>
  68:	0c 94 65 00 	jmp	0xca	; 0xca <__bad_interrupt>
  6c:	0c 94 65 00 	jmp	0xca	; 0xca <__bad_interrupt>
  70:	0c 94 65 00 	jmp	0xca	; 0xca <__bad_interrupt>
  74:	0c 94 65 00 	jmp	0xca	; 0xca <__bad_interrupt>
  78:	0c 94 65 00 	jmp	0xca	; 0xca <__bad_interrupt>
  7c:	0c 94 65 00 	jmp	0xca	; 0xca <__bad_interrupt>
  80:	0c 94 65 00 	jmp	0xca	; 0xca <__bad_interrupt>
  84:	0c 94 65 00 	jmp	0xca	; 0xca <__bad_interrupt>
  88:	0c 94 65 00 	jmp	0xca	; 0xca <__bad_interrupt>

0000008c <__ctors_end>:
  8c:	11 24       	eor	r1, r1
  8e:	1f be       	out	0x3f, r1	; 63
  90:	cf ef       	ldi	r28, 0xFF	; 255
  92:	d0 e1       	ldi	r29, 0x10	; 16
  94:	de bf       	out	0x3e, r29	; 62
  96:	cd bf       	out	0x3d, r28	; 61

00000098 <__do_copy_data>:
  98:	11 e0       	ldi	r17, 0x01	; 1
  9a:	a0 e0       	ldi	r26, 0x00	; 0
  9c:	b1 e0       	ldi	r27, 0x01	; 1
  9e:	e6 e7       	ldi	r30, 0x76	; 118
  a0:	f3 e0       	ldi	r31, 0x03	; 3
  a2:	00 e0       	ldi	r16, 0x00	; 0
  a4:	0b bf       	out	0x3b, r16	; 59
  a6:	02 c0       	rjmp	.+4      	; 0xac <__do_copy_data+0x14>
  a8:	07 90       	elpm	r0, Z+
  aa:	0d 92       	st	X+, r0
  ac:	ac 30       	cpi	r26, 0x0C	; 12
  ae:	b1 07       	cpc	r27, r17
  b0:	d9 f7       	brne	.-10     	; 0xa8 <__do_copy_data+0x10>

000000b2 <__do_clear_bss>:
  b2:	21 e0       	ldi	r18, 0x01	; 1
  b4:	ac e0       	ldi	r26, 0x0C	; 12
  b6:	b1 e0       	ldi	r27, 0x01	; 1
  b8:	01 c0       	rjmp	.+2      	; 0xbc <.do_clear_bss_start>

000000ba <.do_clear_bss_loop>:
  ba:	1d 92       	st	X+, r1

000000bc <.do_clear_bss_start>:
  bc:	a1 32       	cpi	r26, 0x21	; 33
  be:	b2 07       	cpc	r27, r18
  c0:	e1 f7       	brne	.-8      	; 0xba <.do_clear_bss_loop>
  c2:	0e 94 30 01 	call	0x260	; 0x260 <main>
  c6:	0c 94 b9 01 	jmp	0x372	; 0x372 <_exit>

000000ca <__bad_interrupt>:
  ca:	0c 94 00 00 	jmp	0	; 0x0 <__vectors>

000000ce <chk_buttons>:
//push so a debounce and toggle function can be implemented at the same time.  
//Adapted to check all buttons from Ganssel's "Guide to Debouncing"            
//Expects active low pushbuttons on PINA port.  Debounce time is determined by 
//external loop delay times 12. 
//
uint8_t chk_buttons(uint8_t button) {
  ce:	48 2f       	mov	r20, r24
  static uint16_t state[8] = {0, 0, 0, 0, 0, 0, 0, 0};
  state[button] = (state[button] << 1) | (! bit_is_clear(PINA,button))| 0xE000;
  d0:	e8 2f       	mov	r30, r24
  d2:	f0 e0       	ldi	r31, 0x00	; 0
  d4:	99 b3       	in	r25, 0x19	; 25
  d6:	ee 0f       	add	r30, r30
  d8:	ff 1f       	adc	r31, r31
  da:	ef 5e       	subi	r30, 0xEF	; 239
  dc:	fe 4f       	sbci	r31, 0xFE	; 254
  de:	20 81       	ld	r18, Z
  e0:	31 81       	ldd	r19, Z+1	; 0x01
  e2:	22 0f       	add	r18, r18
  e4:	33 1f       	adc	r19, r19
  e6:	30 6e       	ori	r19, 0xE0	; 224
  e8:	89 2f       	mov	r24, r25
  ea:	90 e0       	ldi	r25, 0x00	; 0
  ec:	02 c0       	rjmp	.+4      	; 0xf2 <chk_buttons+0x24>
  ee:	95 95       	asr	r25
  f0:	87 95       	ror	r24
  f2:	4a 95       	dec	r20
  f4:	e2 f7       	brpl	.-8      	; 0xee <chk_buttons+0x20>
  f6:	81 70       	andi	r24, 0x01	; 1
  f8:	99 27       	eor	r25, r25
  fa:	28 2b       	or	r18, r24
  fc:	39 2b       	or	r19, r25
  fe:	31 83       	std	Z+1, r19	; 0x01
 100:	20 83       	st	Z, r18
 102:	81 e0       	ldi	r24, 0x01	; 1
 104:	21 15       	cp	r18, r1
 106:	30 4f       	sbci	r19, 0xF0	; 240
 108:	09 f0       	breq	.+2      	; 0x10c <chk_buttons+0x3e>
 10a:	80 e0       	ldi	r24, 0x00	; 0
  if (state[button] == 0xF000)
    return 1;
return 0;
}
 10c:	08 95       	ret

0000010e <segsum>:
//***********************************************************************************
//                                   segment_sum                                    
//takes a 16-bit binary input value and places the appropriate equivalent 4 digit 
//BCD segment code in the array segment_data for display.                       
//array is loaded at exit as:  |digit3|digit2|colon|digit1|digit0|
void segsum(uint16_t sum) {
 10e:	cf 93       	push	r28
 110:	ac 01       	movw	r20, r24
  d1 = (((sum % 100) / 10) % 10);	//10's digit
  d2 = (sum / 100) % 10;		//100's digit
  d3 = (sum / 1000) % 10;		//1000's digit

  //This block changes the decimal from just above into 8-bits that can be displayed on the segments 
  segment_data[0] = dec_to_7seg[d0]; 
 112:	9c 01       	movw	r18, r24
 114:	ad ec       	ldi	r26, 0xCD	; 205
 116:	bc ec       	ldi	r27, 0xCC	; 204
 118:	0e 94 aa 01 	call	0x354	; 0x354 <__umulhisi3>
 11c:	96 95       	lsr	r25
 11e:	87 95       	ror	r24
 120:	96 95       	lsr	r25
 122:	87 95       	ror	r24
 124:	96 95       	lsr	r25
 126:	87 95       	ror	r24
 128:	9c 01       	movw	r18, r24
 12a:	22 0f       	add	r18, r18
 12c:	33 1f       	adc	r19, r19
 12e:	88 0f       	add	r24, r24
 130:	99 1f       	adc	r25, r25
 132:	88 0f       	add	r24, r24
 134:	99 1f       	adc	r25, r25
 136:	88 0f       	add	r24, r24
 138:	99 1f       	adc	r25, r25
 13a:	82 0f       	add	r24, r18
 13c:	93 1f       	adc	r25, r19
 13e:	fa 01       	movw	r30, r20
 140:	e8 1b       	sub	r30, r24
 142:	f9 0b       	sbc	r31, r25
 144:	e0 50       	subi	r30, 0x00	; 0
 146:	ff 4f       	sbci	r31, 0xFF	; 255
 148:	80 81       	ld	r24, Z
 14a:	80 93 0c 01 	sts	0x010C, r24	; 0x80010c <__data_end>
  segment_data[1] = dec_to_7seg[d1];
 14e:	9a 01       	movw	r18, r20
 150:	36 95       	lsr	r19
 152:	27 95       	ror	r18
 154:	36 95       	lsr	r19
 156:	27 95       	ror	r18
 158:	ab e7       	ldi	r26, 0x7B	; 123
 15a:	b4 e1       	ldi	r27, 0x14	; 20
 15c:	0e 94 aa 01 	call	0x354	; 0x354 <__umulhisi3>
 160:	fc 01       	movw	r30, r24
 162:	f6 95       	lsr	r31
 164:	e7 95       	ror	r30
 166:	24 e6       	ldi	r18, 0x64	; 100
 168:	2e 9f       	mul	r18, r30
 16a:	c0 01       	movw	r24, r0
 16c:	2f 9f       	mul	r18, r31
 16e:	90 0d       	add	r25, r0
 170:	11 24       	eor	r1, r1
 172:	9a 01       	movw	r18, r20
 174:	28 1b       	sub	r18, r24
 176:	39 0b       	sbc	r19, r25
 178:	ad ec       	ldi	r26, 0xCD	; 205
 17a:	bc ec       	ldi	r27, 0xCC	; 204
 17c:	0e 94 aa 01 	call	0x354	; 0x354 <__umulhisi3>
 180:	96 95       	lsr	r25
 182:	87 95       	ror	r24
 184:	96 95       	lsr	r25
 186:	87 95       	ror	r24
 188:	96 95       	lsr	r25
 18a:	87 95       	ror	r24
 18c:	dc 01       	movw	r26, r24
 18e:	a0 50       	subi	r26, 0x00	; 0
 190:	bf 4f       	sbci	r27, 0xFF	; 255
 192:	8c 91       	ld	r24, X
 194:	80 93 0d 01 	sts	0x010D, r24	; 0x80010d <__data_end+0x1>
  segment_data[2] = 0xFF;
 198:	cf ef       	ldi	r28, 0xFF	; 255
 19a:	c0 93 0e 01 	sts	0x010E, r28	; 0x80010e <__data_end+0x2>
  segment_data[3] = dec_to_7seg[d2];
 19e:	9f 01       	movw	r18, r30
 1a0:	ad ec       	ldi	r26, 0xCD	; 205
 1a2:	bc ec       	ldi	r27, 0xCC	; 204
 1a4:	0e 94 aa 01 	call	0x354	; 0x354 <__umulhisi3>
 1a8:	96 95       	lsr	r25
 1aa:	87 95       	ror	r24
 1ac:	96 95       	lsr	r25
 1ae:	87 95       	ror	r24
 1b0:	96 95       	lsr	r25
 1b2:	87 95       	ror	r24
 1b4:	9c 01       	movw	r18, r24
 1b6:	22 0f       	add	r18, r18
 1b8:	33 1f       	adc	r19, r19
 1ba:	88 0f       	add	r24, r24
 1bc:	99 1f       	adc	r25, r25
 1be:	88 0f       	add	r24, r24
 1c0:	99 1f       	adc	r25, r25
 1c2:	88 0f       	add	r24, r24
 1c4:	99 1f       	adc	r25, r25
 1c6:	82 0f       	add	r24, r18
 1c8:	93 1f       	adc	r25, r19
 1ca:	e8 1b       	sub	r30, r24
 1cc:	f9 0b       	sbc	r31, r25
 1ce:	e0 50       	subi	r30, 0x00	; 0
 1d0:	ff 4f       	sbci	r31, 0xFF	; 255
 1d2:	80 81       	ld	r24, Z
 1d4:	80 93 0f 01 	sts	0x010F, r24	; 0x80010f <__data_end+0x3>
  segment_data[4] = dec_to_7seg[d3];

  //blank out leading zero digits and determine number of digits
    if(sum < 0x3E8)	//Compares the sum to 1000
 1d8:	48 3e       	cpi	r20, 0xE8	; 232
 1da:	83 e0       	ldi	r24, 0x03	; 3
 1dc:	58 07       	cpc	r21, r24
 1de:	70 f4       	brcc	.+28     	; 0x1fc <segsum+0xee>
	segment_data[4] = 0xFF;
 1e0:	c0 93 10 01 	sts	0x0110, r28	; 0x800110 <__data_end+0x4>
    if(sum < 0x64)	//Compares the sum to 100
 1e4:	44 36       	cpi	r20, 0x64	; 100
 1e6:	51 05       	cpc	r21, r1
 1e8:	38 f4       	brcc	.+14     	; 0x1f8 <segsum+0xea>
	segment_data[3] = 0xFF;
 1ea:	c0 93 0f 01 	sts	0x010F, r28	; 0x80010f <__data_end+0x3>
    if(sum < 0xA)	//Compares the sum to 10
 1ee:	4a 30       	cpi	r20, 0x0A	; 10
 1f0:	51 05       	cpc	r21, r1
 1f2:	10 f4       	brcc	.+4      	; 0x1f8 <segsum+0xea>
	segment_data[1] = 0xFF;
 1f4:	c0 93 0d 01 	sts	0x010D, r28	; 0x80010d <__data_end+0x1>
//    if(sum == 0x0)	//Compares the sum to 0
//	segment_data[0] = 0xFF;
  //now move data to right place for misplaced colon position
   return;
}//segment_sum
 1f8:	cf 91       	pop	r28
 1fa:	08 95       	ret
  //This block changes the decimal from just above into 8-bits that can be displayed on the segments 
  segment_data[0] = dec_to_7seg[d0]; 
  segment_data[1] = dec_to_7seg[d1];
  segment_data[2] = 0xFF;
  segment_data[3] = dec_to_7seg[d2];
  segment_data[4] = dec_to_7seg[d3];
 1fc:	9a 01       	movw	r18, r20
 1fe:	36 95       	lsr	r19
 200:	27 95       	ror	r18
 202:	36 95       	lsr	r19
 204:	27 95       	ror	r18
 206:	36 95       	lsr	r19
 208:	27 95       	ror	r18
 20a:	a5 ec       	ldi	r26, 0xC5	; 197
 20c:	b0 e2       	ldi	r27, 0x20	; 32
 20e:	0e 94 aa 01 	call	0x354	; 0x354 <__umulhisi3>
 212:	ac 01       	movw	r20, r24
 214:	52 95       	swap	r21
 216:	42 95       	swap	r20
 218:	4f 70       	andi	r20, 0x0F	; 15
 21a:	45 27       	eor	r20, r21
 21c:	5f 70       	andi	r21, 0x0F	; 15
 21e:	45 27       	eor	r20, r21
 220:	9a 01       	movw	r18, r20
 222:	ad ec       	ldi	r26, 0xCD	; 205
 224:	bc ec       	ldi	r27, 0xCC	; 204
 226:	0e 94 aa 01 	call	0x354	; 0x354 <__umulhisi3>
 22a:	96 95       	lsr	r25
 22c:	87 95       	ror	r24
 22e:	96 95       	lsr	r25
 230:	87 95       	ror	r24
 232:	96 95       	lsr	r25
 234:	87 95       	ror	r24
 236:	9c 01       	movw	r18, r24
 238:	22 0f       	add	r18, r18
 23a:	33 1f       	adc	r19, r19
 23c:	88 0f       	add	r24, r24
 23e:	99 1f       	adc	r25, r25
 240:	88 0f       	add	r24, r24
 242:	99 1f       	adc	r25, r25
 244:	88 0f       	add	r24, r24
 246:	99 1f       	adc	r25, r25
 248:	82 0f       	add	r24, r18
 24a:	93 1f       	adc	r25, r19
 24c:	48 1b       	sub	r20, r24
 24e:	59 0b       	sbc	r21, r25
 250:	fa 01       	movw	r30, r20
 252:	e0 50       	subi	r30, 0x00	; 0
 254:	ff 4f       	sbci	r31, 0xFF	; 255
 256:	80 81       	ld	r24, Z
 258:	80 93 10 01 	sts	0x0110, r24	; 0x800110 <__data_end+0x4>
	segment_data[1] = 0xFF;
//    if(sum == 0x0)	//Compares the sum to 0
//	segment_data[0] = 0xFF;
  //now move data to right place for misplaced colon position
   return;
}//segment_sum
 25c:	cf 91       	pop	r28
 25e:	08 95       	ret

00000260 <main>:
//***********************************************************************************
uint8_t main() {
  uint16_t sum = 0;
//  int count = 0;

  DDRB = 0xF0;		//setting port B pins 4-7 as outputs
 260:	80 ef       	ldi	r24, 0xF0	; 240
 262:	87 bb       	out	0x17, r24	; 23
//***********************************************************************************


//***********************************************************************************
uint8_t main() {
  uint16_t sum = 0;
 264:	c0 e0       	ldi	r28, 0x00	; 0
 266:	d0 e0       	ldi	r29, 0x00	; 0
while(1){
  _delay_ms(2);		//insert loop delay for debounce


  DDRA = 0x00;		//Makes PORTA all inputs
  PORTA = 0xFF;		//Sets pullups resistors
 268:	dd 24       	eor	r13, r13
 26a:	da 94       	dec	r13
			//pin 4, 5, and 6 are high. 0x70 = 0b0111_0000
			//thus enabling the tristate buffer

  for(int i = 0; i < 8; i++) {	//increments through buttons 0-7
    if(chk_buttons(i) == 1) {	//Checks if each button is pressed 
	sum = sum + (1 << i);	//equivalent to sum = sum + 2^n where
 26c:	ee 24       	eor	r14, r14
 26e:	e3 94       	inc	r14
 270:	f1 2c       	mov	r15, r1
  }

  PORTB = 0x00;			//We are only using pin 4-7 on PORTB and this action 
			//keeps the pwm pin low as well as disabling the tristate buffer
  if(sum > 1023) {
    sum = sum % 1023;		//bounds the sum of the buttons 0-1023
 272:	0f ef       	ldi	r16, 0xFF	; 255
 274:	13 e0       	ldi	r17, 0x03	; 3
	#else
		//round up by default
		__ticks_dc = (uint32_t)(ceil(fabs(__tmp)));
	#endif

	__builtin_avr_delay_cycles(__ticks_dc);
 276:	8f e3       	ldi	r24, 0x3F	; 63
 278:	9f e1       	ldi	r25, 0x1F	; 31
 27a:	01 97       	sbiw	r24, 0x01	; 1
 27c:	f1 f7       	brne	.-4      	; 0x27a <main+0x1a>
 27e:	00 c0       	rjmp	.+0      	; 0x280 <main+0x20>
 280:	00 00       	nop
			//Setting a DDRx pin high makes it an output
while(1){
  _delay_ms(2);		//insert loop delay for debounce


  DDRA = 0x00;		//Makes PORTA all inputs
 282:	1a ba       	out	0x1a, r1	; 26
  PORTA = 0xFF;		//Sets pullups resistors
 284:	db ba       	out	0x1b, r13	; 27

  PORTB = PINB | 0x70;	//Takes the current PINB and ORs it so that 
 286:	86 b3       	in	r24, 0x16	; 22
 288:	80 67       	ori	r24, 0x70	; 112
 28a:	88 bb       	out	0x18, r24	; 24
 28c:	e1 e1       	ldi	r30, 0x11	; 17
 28e:	f1 e0       	ldi	r31, 0x01	; 1
			//pin 4, 5, and 6 are high. 0x70 = 0b0111_0000
			//thus enabling the tristate buffer

  for(int i = 0; i < 8; i++) {	//increments through buttons 0-7
 290:	20 e0       	ldi	r18, 0x00	; 0
 292:	30 e0       	ldi	r19, 0x00	; 0
 294:	05 c0       	rjmp	.+10     	; 0x2a0 <main+0x40>
 296:	2f 5f       	subi	r18, 0xFF	; 255
 298:	3f 4f       	sbci	r19, 0xFF	; 255
 29a:	28 30       	cpi	r18, 0x08	; 8
 29c:	31 05       	cpc	r19, r1
 29e:	29 f1       	breq	.+74     	; 0x2ea <main+0x8a>
//Expects active low pushbuttons on PINA port.  Debounce time is determined by 
//external loop delay times 12. 
//
uint8_t chk_buttons(uint8_t button) {
  static uint16_t state[8] = {0, 0, 0, 0, 0, 0, 0, 0};
  state[button] = (state[button] << 1) | (! bit_is_clear(PINA,button))| 0xE000;
 2a0:	99 b3       	in	r25, 0x19	; 25
 2a2:	40 81       	ld	r20, Z
 2a4:	51 81       	ldd	r21, Z+1	; 0x01
 2a6:	44 0f       	add	r20, r20
 2a8:	55 1f       	adc	r21, r21
 2aa:	89 2f       	mov	r24, r25
 2ac:	90 e0       	ldi	r25, 0x00	; 0
 2ae:	02 2e       	mov	r0, r18
 2b0:	02 c0       	rjmp	.+4      	; 0x2b6 <main+0x56>
 2b2:	95 95       	asr	r25
 2b4:	87 95       	ror	r24
 2b6:	0a 94       	dec	r0
 2b8:	e2 f7       	brpl	.-8      	; 0x2b2 <main+0x52>
 2ba:	81 70       	andi	r24, 0x01	; 1
 2bc:	99 27       	eor	r25, r25
 2be:	84 2b       	or	r24, r20
 2c0:	95 2b       	or	r25, r21
 2c2:	90 6e       	ori	r25, 0xE0	; 224
 2c4:	81 93       	st	Z+, r24
 2c6:	91 93       	st	Z+, r25
  if (state[button] == 0xF000)
 2c8:	81 15       	cp	r24, r1
 2ca:	90 4f       	sbci	r25, 0xF0	; 240
 2cc:	21 f7       	brne	.-56     	; 0x296 <main+0x36>
			//pin 4, 5, and 6 are high. 0x70 = 0b0111_0000
			//thus enabling the tristate buffer

  for(int i = 0; i < 8; i++) {	//increments through buttons 0-7
    if(chk_buttons(i) == 1) {	//Checks if each button is pressed 
	sum = sum + (1 << i);	//equivalent to sum = sum + 2^n where
 2ce:	c7 01       	movw	r24, r14
 2d0:	02 2e       	mov	r0, r18
 2d2:	02 c0       	rjmp	.+4      	; 0x2d8 <main+0x78>
 2d4:	88 0f       	add	r24, r24
 2d6:	99 1f       	adc	r25, r25
 2d8:	0a 94       	dec	r0
 2da:	e2 f7       	brpl	.-8      	; 0x2d4 <main+0x74>
 2dc:	c8 0f       	add	r28, r24
 2de:	d9 1f       	adc	r29, r25

  PORTB = PINB | 0x70;	//Takes the current PINB and ORs it so that 
			//pin 4, 5, and 6 are high. 0x70 = 0b0111_0000
			//thus enabling the tristate buffer

  for(int i = 0; i < 8; i++) {	//increments through buttons 0-7
 2e0:	2f 5f       	subi	r18, 0xFF	; 255
 2e2:	3f 4f       	sbci	r19, 0xFF	; 255
 2e4:	28 30       	cpi	r18, 0x08	; 8
 2e6:	31 05       	cpc	r19, r1
 2e8:	d9 f6       	brne	.-74     	; 0x2a0 <main+0x40>
	sum = sum + (1 << i);	//equivalent to sum = sum + 2^n where
				//n is the number of the button that was pressed
    }
  }

  PORTB = 0x00;			//We are only using pin 4-7 on PORTB and this action 
 2ea:	18 ba       	out	0x18, r1	; 24
			//keeps the pwm pin low as well as disabling the tristate buffer
  if(sum > 1023) {
 2ec:	c1 15       	cp	r28, r1
 2ee:	b4 e0       	ldi	r27, 0x04	; 4
 2f0:	db 07       	cpc	r29, r27
 2f2:	28 f0       	brcs	.+10     	; 0x2fe <main+0x9e>
    sum = sum % 1023;		//bounds the sum of the buttons 0-1023
 2f4:	ce 01       	movw	r24, r28
 2f6:	b8 01       	movw	r22, r16
 2f8:	0e 94 96 01 	call	0x32c	; 0x32c <__udivmodhi4>
 2fc:	ec 01       	movw	r28, r24
  }
  //break up the disp_value to 4, BCD digits in the array: call (segsum)
  segsum(sum);
 2fe:	ce 01       	movw	r24, r28
 300:	0e 94 87 00 	call	0x10e	; 0x10e <segsum>

  DDRA = 0xFF;			//Makes PORTA all outputs
 304:	da ba       	out	0x1a, r13	; 26
 306:	ec e0       	ldi	r30, 0x0C	; 12
 308:	f1 e0       	ldi	r31, 0x01	; 1
 30a:	80 e0       	ldi	r24, 0x00	; 0

  for( int j = 0; j < 5; j++) {	//cycles through each of the five digits
    PORTA = segment_data[j];	//Writes the segment data to PORTA aka the segments
 30c:	91 91       	ld	r25, Z+
 30e:	9b bb       	out	0x1b, r25	; 27
    PORTB = j << 4;		//J is bound 0-4 and that value is shifted left 4 so that 
 310:	98 2f       	mov	r25, r24
 312:	92 95       	swap	r25
 314:	90 7f       	andi	r25, 0xF0	; 240
 316:	98 bb       	out	0x18, r25	; 24
 318:	af e9       	ldi	r26, 0x9F	; 159
 31a:	bf e0       	ldi	r27, 0x0F	; 15
 31c:	11 97       	sbiw	r26, 0x01	; 1
 31e:	f1 f7       	brne	.-4      	; 0x31c <main+0xbc>
 320:	00 c0       	rjmp	.+0      	; 0x322 <main+0xc2>
 322:	00 00       	nop
 324:	8f 5f       	subi	r24, 0xFF	; 255
  //break up the disp_value to 4, BCD digits in the array: call (segsum)
  segsum(sum);

  DDRA = 0xFF;			//Makes PORTA all outputs

  for( int j = 0; j < 5; j++) {	//cycles through each of the five digits
 326:	85 30       	cpi	r24, 0x05	; 5
 328:	89 f7       	brne	.-30     	; 0x30c <main+0xac>
 32a:	a5 cf       	rjmp	.-182    	; 0x276 <main+0x16>

0000032c <__udivmodhi4>:
 32c:	aa 1b       	sub	r26, r26
 32e:	bb 1b       	sub	r27, r27
 330:	51 e1       	ldi	r21, 0x11	; 17
 332:	07 c0       	rjmp	.+14     	; 0x342 <__udivmodhi4_ep>

00000334 <__udivmodhi4_loop>:
 334:	aa 1f       	adc	r26, r26
 336:	bb 1f       	adc	r27, r27
 338:	a6 17       	cp	r26, r22
 33a:	b7 07       	cpc	r27, r23
 33c:	10 f0       	brcs	.+4      	; 0x342 <__udivmodhi4_ep>
 33e:	a6 1b       	sub	r26, r22
 340:	b7 0b       	sbc	r27, r23

00000342 <__udivmodhi4_ep>:
 342:	88 1f       	adc	r24, r24
 344:	99 1f       	adc	r25, r25
 346:	5a 95       	dec	r21
 348:	a9 f7       	brne	.-22     	; 0x334 <__udivmodhi4_loop>
 34a:	80 95       	com	r24
 34c:	90 95       	com	r25
 34e:	bc 01       	movw	r22, r24
 350:	cd 01       	movw	r24, r26
 352:	08 95       	ret

00000354 <__umulhisi3>:
 354:	a2 9f       	mul	r26, r18
 356:	b0 01       	movw	r22, r0
 358:	b3 9f       	mul	r27, r19
 35a:	c0 01       	movw	r24, r0
 35c:	a3 9f       	mul	r26, r19
 35e:	70 0d       	add	r23, r0
 360:	81 1d       	adc	r24, r1
 362:	11 24       	eor	r1, r1
 364:	91 1d       	adc	r25, r1
 366:	b2 9f       	mul	r27, r18
 368:	70 0d       	add	r23, r0
 36a:	81 1d       	adc	r24, r1
 36c:	11 24       	eor	r1, r1
 36e:	91 1d       	adc	r25, r1
 370:	08 95       	ret

00000372 <_exit>:
 372:	f8 94       	cli

00000374 <__stop_program>:
 374:	ff cf       	rjmp	.-2      	; 0x374 <__stop_program>
