Archive member included to satisfy reference by file (symbol)

/opt/avr8-gnu-toolchain-linux_x86_64/bin/../lib/gcc/avr/5.4.0/avr51/libgcc.a(_divmodhi4.o)
                              hd44780.o (__divmodhi4)
/opt/avr8-gnu-toolchain-linux_x86_64/bin/../lib/gcc/avr/5.4.0/avr51/libgcc.a(_divmodsi4.o)
                              hd44780.o (__divmodsi4)
/opt/avr8-gnu-toolchain-linux_x86_64/bin/../lib/gcc/avr/5.4.0/avr51/libgcc.a(_negsi2.o)
                              /opt/avr8-gnu-toolchain-linux_x86_64/bin/../lib/gcc/avr/5.4.0/avr51/libgcc.a(_divmodsi4.o) (__negsi2)
/opt/avr8-gnu-toolchain-linux_x86_64/bin/../lib/gcc/avr/5.4.0/avr51/libgcc.a(_exit.o)
                              /opt/avr8-gnu-toolchain-linux_x86_64/bin/../lib/gcc/avr/5.4.0/../../../../avr/lib/avr51/crtatmega128.o (exit)
/opt/avr8-gnu-toolchain-linux_x86_64/bin/../lib/gcc/avr/5.4.0/avr51/libgcc.a(_tablejump2.o)
                              twi_master.o (__tablejump2__)
/opt/avr8-gnu-toolchain-linux_x86_64/bin/../lib/gcc/avr/5.4.0/avr51/libgcc.a(_copy_data.o)
                              lab6.o (__do_copy_data)
/opt/avr8-gnu-toolchain-linux_x86_64/bin/../lib/gcc/avr/5.4.0/avr51/libgcc.a(_clear_bss.o)
                              lab6.o (__do_clear_bss)
/opt/avr8-gnu-toolchain-linux_x86_64/bin/../lib/gcc/avr/5.4.0/avr51/libgcc.a(_udivmodhi4.o)
                              /opt/avr8-gnu-toolchain-linux_x86_64/bin/../lib/gcc/avr/5.4.0/avr51/libgcc.a(_divmodhi4.o) (__udivmodhi4)
/opt/avr8-gnu-toolchain-linux_x86_64/bin/../lib/gcc/avr/5.4.0/avr51/libgcc.a(_udivmodsi4.o)
                              /opt/avr8-gnu-toolchain-linux_x86_64/bin/../lib/gcc/avr/5.4.0/avr51/libgcc.a(_divmodsi4.o) (__udivmodsi4)
/opt/avr8-gnu-toolchain-linux_x86_64/bin/../lib/gcc/avr/5.4.0/../../../../avr/lib/avr51/libc.a(itoa_ncheck.o)
                              lab6.o (__itoa_ncheck)
/opt/avr8-gnu-toolchain-linux_x86_64/bin/../lib/gcc/avr/5.4.0/../../../../avr/lib/avr51/libc.a(utoa_ncheck.o)
                              /opt/avr8-gnu-toolchain-linux_x86_64/bin/../lib/gcc/avr/5.4.0/../../../../avr/lib/avr51/libc.a(itoa_ncheck.o) (__utoa_common)
/opt/avr8-gnu-toolchain-linux_x86_64/bin/../lib/gcc/avr/5.4.0/../../../../avr/lib/avr51/libc.a(strrev.o)
                              /opt/avr8-gnu-toolchain-linux_x86_64/bin/../lib/gcc/avr/5.4.0/../../../../avr/lib/avr51/libc.a(utoa_ncheck.o) (strrev)
/opt/avr8-gnu-toolchain-linux_x86_64/bin/../lib/gcc/avr/5.4.0/../../../../avr/lib/avr51/libatmega128.a(eerd_byte.o)
                              si4734.o (eeprom_read_byte)
/opt/avr8-gnu-toolchain-linux_x86_64/bin/../lib/gcc/avr/5.4.0/../../../../avr/lib/avr51/libatmega128.a(eerd_word.o)
                              si4734.o (eeprom_read_word)
/opt/avr8-gnu-toolchain-linux_x86_64/bin/../lib/gcc/avr/5.4.0/../../../../avr/lib/avr51/libatmega128.a(eewr_byte.o)
                              si4734.o (eeprom_write_byte)
/opt/avr8-gnu-toolchain-linux_x86_64/bin/../lib/gcc/avr/5.4.0/../../../../avr/lib/avr51/libatmega128.a(eewr_word.o)
                              si4734.o (eeprom_write_word)
/opt/avr8-gnu-toolchain-linux_x86_64/bin/../lib/gcc/avr/5.4.0/../../../../avr/lib/avr51/libatmega128.a(eerd_block.o)
                              /opt/avr8-gnu-toolchain-linux_x86_64/bin/../lib/gcc/avr/5.4.0/../../../../avr/lib/avr51/libatmega128.a(eerd_word.o) (eeprom_read_blraw)

Allocating common symbols
Common symbol       size              file

rcv_rdy             0x1               lab6.o
uart_tx_buf         0x28              uart_functions.o
twi_state           0x1               twi_master.o
twi_buf             0x2               twi_master.o
lcd_string_array    0x20              hd44780.o
si4734_wr_buf       0x9               si4734.o
lm73_wr_buf         0x2               lm73_functions.o
si4734_tune_status_buf
                    0x8               si4734.o
si4734_revision_buf
                    0x10              si4734.o
l_temp              0x2               lab6.o
twi_bus_addr        0x1               twi_master.o
lcd_str             0x10              hd44780.o
lcd_string          0x3               lab6.o
twi_msg_size        0x1               twi_master.o
EC_b_prev           0x1               lab6.o
lcd_str_array       0x10              lab6.o
STC_interrupt       0x1               si4734.o
lm73_rd_buf         0x2               lm73_functions.o
uart_rx_buf         0x28              uart_functions.o
si4734_rd_buf       0xf               si4734.o
rx_char             0x1               lab6.o
EC_a_prev           0x1               lab6.o

Memory Configuration

Name             Origin             Length             Attributes
text             0x0000000000000000 0x0000000000020000 xr
data             0x0000000000800100 0x000000000000ff00 rw !x
eeprom           0x0000000000810000 0x0000000000010000 rw !x
fuse             0x0000000000820000 0x0000000000000003 rw !x
lock             0x0000000000830000 0x0000000000000400 rw !x
signature        0x0000000000840000 0x0000000000000400 rw !x
user_signatures  0x0000000000850000 0x0000000000000400 rw !x
*default*        0x0000000000000000 0xffffffffffffffff

Linker script and memory map

Address of section .data set to 0x800100
LOAD /opt/avr8-gnu-toolchain-linux_x86_64/bin/../lib/gcc/avr/5.4.0/../../../../avr/lib/avr51/crtatmega128.o
LOAD lab6.o
LOAD hd44780.o
LOAD twi_master.o
LOAD lm73_functions.o
LOAD uart_functions.o
LOAD si4734.o
START GROUP
LOAD /opt/avr8-gnu-toolchain-linux_x86_64/bin/../lib/gcc/avr/5.4.0/avr51/libgcc.a
LOAD /opt/avr8-gnu-toolchain-linux_x86_64/bin/../lib/gcc/avr/5.4.0/../../../../avr/lib/avr51/libm.a
LOAD /opt/avr8-gnu-toolchain-linux_x86_64/bin/../lib/gcc/avr/5.4.0/../../../../avr/lib/avr51/libc.a
LOAD /opt/avr8-gnu-toolchain-linux_x86_64/bin/../lib/gcc/avr/5.4.0/../../../../avr/lib/avr51/libatmega128.a
END GROUP
                0x0000000000020000                __TEXT_REGION_LENGTH__ = DEFINED (__TEXT_REGION_LENGTH__)?__TEXT_REGION_LENGTH__:0x20000
                0x000000000000ff00                __DATA_REGION_LENGTH__ = DEFINED (__DATA_REGION_LENGTH__)?__DATA_REGION_LENGTH__:0xff00
                0x0000000000010000                __EEPROM_REGION_LENGTH__ = DEFINED (__EEPROM_REGION_LENGTH__)?__EEPROM_REGION_LENGTH__:0x10000
                [0x0000000000000003]                __FUSE_REGION_LENGTH__ = DEFINED (__FUSE_REGION_LENGTH__)?__FUSE_REGION_LENGTH__:0x400
                0x0000000000000400                __LOCK_REGION_LENGTH__ = DEFINED (__LOCK_REGION_LENGTH__)?__LOCK_REGION_LENGTH__:0x400
                0x0000000000000400                __SIGNATURE_REGION_LENGTH__ = DEFINED (__SIGNATURE_REGION_LENGTH__)?__SIGNATURE_REGION_LENGTH__:0x400
                0x0000000000000400                __USER_SIGNATURE_REGION_LENGTH__ = DEFINED (__USER_SIGNATURE_REGION_LENGTH__)?__USER_SIGNATURE_REGION_LENGTH__:0x400

.hash
 *(.hash)

.dynsym
 *(.dynsym)

.dynstr
 *(.dynstr)

.gnu.version
 *(.gnu.version)

.gnu.version_d
 *(.gnu.version_d)

.gnu.version_r
 *(.gnu.version_r)

.rel.init
 *(.rel.init)

.rela.init
 *(.rela.init)

.rel.text
 *(.rel.text)
 *(.rel.text.*)
 *(.rel.gnu.linkonce.t*)

.rela.text
 *(.rela.text)
 *(.rela.text.*)
 *(.rela.gnu.linkonce.t*)

.rel.fini
 *(.rel.fini)

.rela.fini
 *(.rela.fini)

.rel.rodata
 *(.rel.rodata)
 *(.rel.rodata.*)
 *(.rel.gnu.linkonce.r*)

.rela.rodata
 *(.rela.rodata)
 *(.rela.rodata.*)
 *(.rela.gnu.linkonce.r*)

.rel.data
 *(.rel.data)
 *(.rel.data.*)
 *(.rel.gnu.linkonce.d*)

.rela.data
 *(.rela.data)
 *(.rela.data.*)
 *(.rela.gnu.linkonce.d*)

.rel.ctors
 *(.rel.ctors)

.rela.ctors
 *(.rela.ctors)

.rel.dtors
 *(.rel.dtors)

.rela.dtors
 *(.rela.dtors)

.rel.got
 *(.rel.got)

.rela.got
 *(.rela.got)

.rel.bss
 *(.rel.bss)

.rela.bss
 *(.rela.bss)

.rel.plt
 *(.rel.plt)

.rela.plt
 *(.rela.plt)

.text           0x0000000000000000     0x1ec4
 *(.vectors)
 .vectors       0x0000000000000000       0x8c /opt/avr8-gnu-toolchain-linux_x86_64/bin/../lib/gcc/avr/5.4.0/../../../../avr/lib/avr51/crtatmega128.o
                0x0000000000000000                __vectors
                0x0000000000000000                __vector_default
 *(.vectors)
 *(.progmem.gcc*)
 .progmem.gcc_sw_table
                0x000000000000008c       0xa2 twi_master.o
                0x000000000000012e                . = ALIGN (0x2)
                0x000000000000012e                __trampolines_start = .
 *(.trampolines)
 .trampolines   0x000000000000012e        0x0 linker stubs
 *(.trampolines*)
                0x000000000000012e                __trampolines_end = .
 *libprintf_flt.a:*(.progmem.data)
 *libc.a:*(.progmem.data)
 *(.progmem*)
                0x000000000000012e                . = ALIGN (0x2)
 *(.jumptables)
 *(.jumptables*)
 *(.lowtext)
 *(.lowtext*)
                0x000000000000012e                __ctors_start = .
 *(.ctors)
                0x000000000000012e                __ctors_end = .
                0x000000000000012e                __dtors_start = .
 *(.dtors)
                0x000000000000012e                __dtors_end = .
 SORT(*)(.ctors)
 SORT(*)(.dtors)
 *(.init0)
 .init0         0x000000000000012e        0x0 /opt/avr8-gnu-toolchain-linux_x86_64/bin/../lib/gcc/avr/5.4.0/../../../../avr/lib/avr51/crtatmega128.o
                0x000000000000012e                __init
 *(.init0)
 *(.init1)
 *(.init1)
 *(.init2)
 .init2         0x000000000000012e        0xc /opt/avr8-gnu-toolchain-linux_x86_64/bin/../lib/gcc/avr/5.4.0/../../../../avr/lib/avr51/crtatmega128.o
 *(.init2)
 *(.init3)
 *(.init3)
 *(.init4)
 .init4         0x000000000000013a       0x1a /opt/avr8-gnu-toolchain-linux_x86_64/bin/../lib/gcc/avr/5.4.0/avr51/libgcc.a(_copy_data.o)
                0x000000000000013a                __do_copy_data
 .init4         0x0000000000000154       0x10 /opt/avr8-gnu-toolchain-linux_x86_64/bin/../lib/gcc/avr/5.4.0/avr51/libgcc.a(_clear_bss.o)
                0x0000000000000154                __do_clear_bss
 *(.init4)
 *(.init5)
 *(.init5)
 *(.init6)
 *(.init6)
 *(.init7)
 *(.init7)
 *(.init8)
 *(.init8)
 *(.init9)
 .init9         0x0000000000000164        0x8 /opt/avr8-gnu-toolchain-linux_x86_64/bin/../lib/gcc/avr/5.4.0/../../../../avr/lib/avr51/crtatmega128.o
 *(.init9)
 *(.text)
 .text          0x000000000000016c        0x4 /opt/avr8-gnu-toolchain-linux_x86_64/bin/../lib/gcc/avr/5.4.0/../../../../avr/lib/avr51/crtatmega128.o
                0x000000000000016c                __vector_22
                0x000000000000016c                __vector_28
                0x000000000000016c                __vector_1
                0x000000000000016c                __vector_32
                0x000000000000016c                __vector_34
                0x000000000000016c                __vector_24
                0x000000000000016c                __bad_interrupt
                0x000000000000016c                __vector_6
                0x000000000000016c                __vector_31
                0x000000000000016c                __vector_3
                0x000000000000016c                __vector_23
                0x000000000000016c                __vector_30
                0x000000000000016c                __vector_25
                0x000000000000016c                __vector_11
                0x000000000000016c                __vector_13
                0x000000000000016c                __vector_17
                0x000000000000016c                __vector_19
                0x000000000000016c                __vector_7
                0x000000000000016c                __vector_27
                0x000000000000016c                __vector_5
                0x000000000000016c                __vector_4
                0x000000000000016c                __vector_9
                0x000000000000016c                __vector_2
                0x000000000000016c                __vector_21
                0x000000000000016c                __vector_29
                0x000000000000016c                __vector_8
                0x000000000000016c                __vector_26
                0x000000000000016c                __vector_14
                0x000000000000016c                __vector_10
                0x000000000000016c                __vector_20
 .text          0x0000000000000170      0x972 lab6.o
                0x000000000000018a                spi_init
                0x000000000000019a                tcnt0_init
                0x00000000000001b2                tcnt1_init
                0x00000000000001cc                tcnt2_init
                0x00000000000001d4                tcnt3_init
                0x000000000000020a                spi_read
                0x0000000000000214                chk_buttons
                0x0000000000000254                bars
                0x00000000000003f6                read_encoder
                0x000000000000069a                get_local_temp
                0x00000000000006f0                __vector_16
                0x000000000000075c                __vector_15
                0x00000000000007ba                clock_time
                0x000000000000094a                port_init
                0x0000000000000976                change_alarm_state
                0x00000000000009bc                adc_init
                0x00000000000009de                fetch_adc
                0x0000000000000a08                __vector_12
                0x0000000000000a56                snoozin
                0x0000000000000a62                local_temp_init
                0x0000000000000a86                __vector_18
 .text          0x0000000000000ae2      0x96c hd44780.o
                0x0000000000000ae2                send_lcd
                0x0000000000000b0c                refresh_lcd
                0x0000000000000bbe                set_custom_character
                0x0000000000000c2a                set_cursor
                0x0000000000000c56                uint2lcd
                0x0000000000000d2a                int2lcd
                0x0000000000000d62                cursor_on
                0x0000000000000d86                cursor_off
                0x0000000000000daa                shift_right
                0x0000000000000dce                shift_left
                0x0000000000000df2                strobe_lcd
                0x0000000000000e04                clear_display
                0x0000000000000e34                cursor_home
                0x0000000000000e64                line2_col1
                0x0000000000000e90                line1_col1
                0x0000000000000ebc                fill_spaces
                0x0000000000000ef0                char2lcd
                0x0000000000000f14                string2lcd
                0x0000000000000f6e                lcd_init
                0x00000000000010f2                lcd_int32
                0x000000000000129e                lcd_int16
 .text          0x000000000000144e      0x17c twi_master.o
                0x000000000000144e                __vector_33
                0x000000000000156c                twi_busy
                0x0000000000001574                twi_start_wr
                0x0000000000001596                twi_start_rd
                0x00000000000015b8                init_twi
 .text          0x00000000000015ca        0x4 lm73_functions.o
                0x00000000000015ca                lm73_temp_convert
 .text          0x00000000000015ce       0x7e uart_functions.o
                0x00000000000015ce                uart_putc
                0x00000000000015da                uart_puts
                0x00000000000015f6                uart_puts_p
                0x000000000000161c                uart_init
                0x0000000000001636                uart_getc
 .text          0x000000000000164c      0x55a si4734.o
                0x000000000000164c                get_int_status
                0x000000000000168c                fm_tune_freq
                0x00000000000016c4                am_tune_freq
                0x0000000000001700                sw_tune_freq
                0x000000000000173a                radio_pwr_dwn
                0x00000000000017ae                fm_rsq_status
                0x00000000000017f0                fm_tune_status
                0x0000000000001832                am_tune_status
                0x000000000000186a                am_rsq_status
                0x00000000000018a2                set_property
                0x00000000000018cc                fm_pwr_up
                0x0000000000001920                am_pwr_up
                0x0000000000001974                sw_pwr_up
                0x00000000000019e0                get_rev
                0x0000000000001a72                get_fm_rsq_status
 .text          0x0000000000001ba6        0x0 /opt/avr8-gnu-toolchain-linux_x86_64/bin/../lib/gcc/avr/5.4.0/avr51/libgcc.a(_divmodhi4.o)
 .text          0x0000000000001ba6        0x0 /opt/avr8-gnu-toolchain-linux_x86_64/bin/../lib/gcc/avr/5.4.0/avr51/libgcc.a(_divmodsi4.o)
 .text          0x0000000000001ba6        0x0 /opt/avr8-gnu-toolchain-linux_x86_64/bin/../lib/gcc/avr/5.4.0/avr51/libgcc.a(_negsi2.o)
 .text          0x0000000000001ba6        0x0 /opt/avr8-gnu-toolchain-linux_x86_64/bin/../lib/gcc/avr/5.4.0/avr51/libgcc.a(_exit.o)
 .text          0x0000000000001ba6        0x0 /opt/avr8-gnu-toolchain-linux_x86_64/bin/../lib/gcc/avr/5.4.0/avr51/libgcc.a(_tablejump2.o)
 .text          0x0000000000001ba6        0x0 /opt/avr8-gnu-toolchain-linux_x86_64/bin/../lib/gcc/avr/5.4.0/avr51/libgcc.a(_copy_data.o)
 .text          0x0000000000001ba6        0x0 /opt/avr8-gnu-toolchain-linux_x86_64/bin/../lib/gcc/avr/5.4.0/avr51/libgcc.a(_clear_bss.o)
 .text          0x0000000000001ba6        0x0 /opt/avr8-gnu-toolchain-linux_x86_64/bin/../lib/gcc/avr/5.4.0/avr51/libgcc.a(_udivmodhi4.o)
 .text          0x0000000000001ba6        0x0 /opt/avr8-gnu-toolchain-linux_x86_64/bin/../lib/gcc/avr/5.4.0/avr51/libgcc.a(_udivmodsi4.o)
 .text          0x0000000000001ba6        0x0 /opt/avr8-gnu-toolchain-linux_x86_64/bin/../lib/gcc/avr/5.4.0/../../../../avr/lib/avr51/libc.a(itoa_ncheck.o)
 .text          0x0000000000001ba6        0x0 /opt/avr8-gnu-toolchain-linux_x86_64/bin/../lib/gcc/avr/5.4.0/../../../../avr/lib/avr51/libc.a(utoa_ncheck.o)
 .text          0x0000000000001ba6        0x0 /opt/avr8-gnu-toolchain-linux_x86_64/bin/../lib/gcc/avr/5.4.0/../../../../avr/lib/avr51/libc.a(strrev.o)
 .text          0x0000000000001ba6        0x0 /opt/avr8-gnu-toolchain-linux_x86_64/bin/../lib/gcc/avr/5.4.0/../../../../avr/lib/avr51/libatmega128.a(eerd_byte.o)
 .text          0x0000000000001ba6        0x0 /opt/avr8-gnu-toolchain-linux_x86_64/bin/../lib/gcc/avr/5.4.0/../../../../avr/lib/avr51/libatmega128.a(eerd_word.o)
 .text          0x0000000000001ba6        0x0 /opt/avr8-gnu-toolchain-linux_x86_64/bin/../lib/gcc/avr/5.4.0/../../../../avr/lib/avr51/libatmega128.a(eewr_byte.o)
 .text          0x0000000000001ba6        0x0 /opt/avr8-gnu-toolchain-linux_x86_64/bin/../lib/gcc/avr/5.4.0/../../../../avr/lib/avr51/libatmega128.a(eewr_word.o)
 .text          0x0000000000001ba6        0x0 /opt/avr8-gnu-toolchain-linux_x86_64/bin/../lib/gcc/avr/5.4.0/../../../../avr/lib/avr51/libatmega128.a(eerd_block.o)
                0x0000000000001ba6                . = ALIGN (0x2)
 *(.text.*)
 .text.startup  0x0000000000001ba6      0x16c lab6.o
                0x0000000000001ba6                main
 .text.libgcc.mul
                0x0000000000001d12        0x0 /opt/avr8-gnu-toolchain-linux_x86_64/bin/../lib/gcc/avr/5.4.0/avr51/libgcc.a(_divmodhi4.o)
 .text.libgcc.div
                0x0000000000001d12       0x28 /opt/avr8-gnu-toolchain-linux_x86_64/bin/../lib/gcc/avr/5.4.0/avr51/libgcc.a(_divmodhi4.o)
                0x0000000000001d12                __divmodhi4
                0x0000000000001d12                _div
 .text.libgcc   0x0000000000001d3a        0x0 /opt/avr8-gnu-toolchain-linux_x86_64/bin/../lib/gcc/avr/5.4.0/avr51/libgcc.a(_divmodhi4.o)
 .text.libgcc.prologue
                0x0000000000001d3a        0x0 /opt/avr8-gnu-toolchain-linux_x86_64/bin/../lib/gcc/avr/5.4.0/avr51/libgcc.a(_divmodhi4.o)
 .text.libgcc.builtins
                0x0000000000001d3a        0x0 /opt/avr8-gnu-toolchain-linux_x86_64/bin/../lib/gcc/avr/5.4.0/avr51/libgcc.a(_divmodhi4.o)
 .text.libgcc.fmul
                0x0000000000001d3a        0x0 /opt/avr8-gnu-toolchain-linux_x86_64/bin/../lib/gcc/avr/5.4.0/avr51/libgcc.a(_divmodhi4.o)
 .text.libgcc.fixed
                0x0000000000001d3a        0x0 /opt/avr8-gnu-toolchain-linux_x86_64/bin/../lib/gcc/avr/5.4.0/avr51/libgcc.a(_divmodhi4.o)
 .text.libgcc.mul
                0x0000000000001d3a        0x0 /opt/avr8-gnu-toolchain-linux_x86_64/bin/../lib/gcc/avr/5.4.0/avr51/libgcc.a(_divmodsi4.o)
 .text.libgcc.div
                0x0000000000001d3a       0x2e /opt/avr8-gnu-toolchain-linux_x86_64/bin/../lib/gcc/avr/5.4.0/avr51/libgcc.a(_divmodsi4.o)
                0x0000000000001d3a                __divmodsi4
 .text.libgcc   0x0000000000001d68        0x0 /opt/avr8-gnu-toolchain-linux_x86_64/bin/../lib/gcc/avr/5.4.0/avr51/libgcc.a(_divmodsi4.o)
 .text.libgcc.prologue
                0x0000000000001d68        0x0 /opt/avr8-gnu-toolchain-linux_x86_64/bin/../lib/gcc/avr/5.4.0/avr51/libgcc.a(_divmodsi4.o)
 .text.libgcc.builtins
                0x0000000000001d68        0x0 /opt/avr8-gnu-toolchain-linux_x86_64/bin/../lib/gcc/avr/5.4.0/avr51/libgcc.a(_divmodsi4.o)
 .text.libgcc.fmul
                0x0000000000001d68        0x0 /opt/avr8-gnu-toolchain-linux_x86_64/bin/../lib/gcc/avr/5.4.0/avr51/libgcc.a(_divmodsi4.o)
 .text.libgcc.fixed
                0x0000000000001d68        0x0 /opt/avr8-gnu-toolchain-linux_x86_64/bin/../lib/gcc/avr/5.4.0/avr51/libgcc.a(_divmodsi4.o)
 .text.libgcc.mul
                0x0000000000001d68        0x0 /opt/avr8-gnu-toolchain-linux_x86_64/bin/../lib/gcc/avr/5.4.0/avr51/libgcc.a(_negsi2.o)
 .text.libgcc.div
                0x0000000000001d68       0x10 /opt/avr8-gnu-toolchain-linux_x86_64/bin/../lib/gcc/avr/5.4.0/avr51/libgcc.a(_negsi2.o)
                0x0000000000001d68                __negsi2
 .text.libgcc   0x0000000000001d78        0x0 /opt/avr8-gnu-toolchain-linux_x86_64/bin/../lib/gcc/avr/5.4.0/avr51/libgcc.a(_negsi2.o)
 .text.libgcc.prologue
                0x0000000000001d78        0x0 /opt/avr8-gnu-toolchain-linux_x86_64/bin/../lib/gcc/avr/5.4.0/avr51/libgcc.a(_negsi2.o)
 .text.libgcc.builtins
                0x0000000000001d78        0x0 /opt/avr8-gnu-toolchain-linux_x86_64/bin/../lib/gcc/avr/5.4.0/avr51/libgcc.a(_negsi2.o)
 .text.libgcc.fmul
                0x0000000000001d78        0x0 /opt/avr8-gnu-toolchain-linux_x86_64/bin/../lib/gcc/avr/5.4.0/avr51/libgcc.a(_negsi2.o)
 .text.libgcc.fixed
                0x0000000000001d78        0x0 /opt/avr8-gnu-toolchain-linux_x86_64/bin/../lib/gcc/avr/5.4.0/avr51/libgcc.a(_negsi2.o)
 .text.libgcc.mul
                0x0000000000001d78        0x0 /opt/avr8-gnu-toolchain-linux_x86_64/bin/../lib/gcc/avr/5.4.0/avr51/libgcc.a(_exit.o)
 .text.libgcc.div
                0x0000000000001d78        0x0 /opt/avr8-gnu-toolchain-linux_x86_64/bin/../lib/gcc/avr/5.4.0/avr51/libgcc.a(_exit.o)
 .text.libgcc   0x0000000000001d78        0x0 /opt/avr8-gnu-toolchain-linux_x86_64/bin/../lib/gcc/avr/5.4.0/avr51/libgcc.a(_exit.o)
 .text.libgcc.prologue
                0x0000000000001d78        0x0 /opt/avr8-gnu-toolchain-linux_x86_64/bin/../lib/gcc/avr/5.4.0/avr51/libgcc.a(_exit.o)
 .text.libgcc.builtins
                0x0000000000001d78        0x0 /opt/avr8-gnu-toolchain-linux_x86_64/bin/../lib/gcc/avr/5.4.0/avr51/libgcc.a(_exit.o)
 .text.libgcc.fmul
                0x0000000000001d78        0x0 /opt/avr8-gnu-toolchain-linux_x86_64/bin/../lib/gcc/avr/5.4.0/avr51/libgcc.a(_exit.o)
 .text.libgcc.fixed
                0x0000000000001d78        0x0 /opt/avr8-gnu-toolchain-linux_x86_64/bin/../lib/gcc/avr/5.4.0/avr51/libgcc.a(_exit.o)
 .text.libgcc.mul
                0x0000000000001d78        0x0 /opt/avr8-gnu-toolchain-linux_x86_64/bin/../lib/gcc/avr/5.4.0/avr51/libgcc.a(_tablejump2.o)
 .text.libgcc.div
                0x0000000000001d78        0x0 /opt/avr8-gnu-toolchain-linux_x86_64/bin/../lib/gcc/avr/5.4.0/avr51/libgcc.a(_tablejump2.o)
 .text.libgcc   0x0000000000001d78       0x12 /opt/avr8-gnu-toolchain-linux_x86_64/bin/../lib/gcc/avr/5.4.0/avr51/libgcc.a(_tablejump2.o)
                0x0000000000001d78                __tablejump2__
 .text.libgcc.prologue
                0x0000000000001d8a        0x0 /opt/avr8-gnu-toolchain-linux_x86_64/bin/../lib/gcc/avr/5.4.0/avr51/libgcc.a(_tablejump2.o)
 .text.libgcc.builtins
                0x0000000000001d8a        0x0 /opt/avr8-gnu-toolchain-linux_x86_64/bin/../lib/gcc/avr/5.4.0/avr51/libgcc.a(_tablejump2.o)
 .text.libgcc.fmul
                0x0000000000001d8a        0x0 /opt/avr8-gnu-toolchain-linux_x86_64/bin/../lib/gcc/avr/5.4.0/avr51/libgcc.a(_tablejump2.o)
 .text.libgcc.fixed
                0x0000000000001d8a        0x0 /opt/avr8-gnu-toolchain-linux_x86_64/bin/../lib/gcc/avr/5.4.0/avr51/libgcc.a(_tablejump2.o)
 .text.libgcc.mul
                0x0000000000001d8a        0x0 /opt/avr8-gnu-toolchain-linux_x86_64/bin/../lib/gcc/avr/5.4.0/avr51/libgcc.a(_copy_data.o)
 .text.libgcc.div
                0x0000000000001d8a        0x0 /opt/avr8-gnu-toolchain-linux_x86_64/bin/../lib/gcc/avr/5.4.0/avr51/libgcc.a(_copy_data.o)
 .text.libgcc   0x0000000000001d8a        0x0 /opt/avr8-gnu-toolchain-linux_x86_64/bin/../lib/gcc/avr/5.4.0/avr51/libgcc.a(_copy_data.o)
 .text.libgcc.prologue
                0x0000000000001d8a        0x0 /opt/avr8-gnu-toolchain-linux_x86_64/bin/../lib/gcc/avr/5.4.0/avr51/libgcc.a(_copy_data.o)
 .text.libgcc.builtins
                0x0000000000001d8a        0x0 /opt/avr8-gnu-toolchain-linux_x86_64/bin/../lib/gcc/avr/5.4.0/avr51/libgcc.a(_copy_data.o)
 .text.libgcc.fmul
                0x0000000000001d8a        0x0 /opt/avr8-gnu-toolchain-linux_x86_64/bin/../lib/gcc/avr/5.4.0/avr51/libgcc.a(_copy_data.o)
 .text.libgcc.fixed
                0x0000000000001d8a        0x0 /opt/avr8-gnu-toolchain-linux_x86_64/bin/../lib/gcc/avr/5.4.0/avr51/libgcc.a(_copy_data.o)
 .text.libgcc.mul
                0x0000000000001d8a        0x0 /opt/avr8-gnu-toolchain-linux_x86_64/bin/../lib/gcc/avr/5.4.0/avr51/libgcc.a(_clear_bss.o)
 .text.libgcc.div
                0x0000000000001d8a        0x0 /opt/avr8-gnu-toolchain-linux_x86_64/bin/../lib/gcc/avr/5.4.0/avr51/libgcc.a(_clear_bss.o)
 .text.libgcc   0x0000000000001d8a        0x0 /opt/avr8-gnu-toolchain-linux_x86_64/bin/../lib/gcc/avr/5.4.0/avr51/libgcc.a(_clear_bss.o)
 .text.libgcc.prologue
                0x0000000000001d8a        0x0 /opt/avr8-gnu-toolchain-linux_x86_64/bin/../lib/gcc/avr/5.4.0/avr51/libgcc.a(_clear_bss.o)
 .text.libgcc.builtins
                0x0000000000001d8a        0x0 /opt/avr8-gnu-toolchain-linux_x86_64/bin/../lib/gcc/avr/5.4.0/avr51/libgcc.a(_clear_bss.o)
 .text.libgcc.fmul
                0x0000000000001d8a        0x0 /opt/avr8-gnu-toolchain-linux_x86_64/bin/../lib/gcc/avr/5.4.0/avr51/libgcc.a(_clear_bss.o)
 .text.libgcc.fixed
                0x0000000000001d8a        0x0 /opt/avr8-gnu-toolchain-linux_x86_64/bin/../lib/gcc/avr/5.4.0/avr51/libgcc.a(_clear_bss.o)
 .text.libgcc.mul
                0x0000000000001d8a        0x0 /opt/avr8-gnu-toolchain-linux_x86_64/bin/../lib/gcc/avr/5.4.0/avr51/libgcc.a(_udivmodhi4.o)
 .text.libgcc.div
                0x0000000000001d8a       0x28 /opt/avr8-gnu-toolchain-linux_x86_64/bin/../lib/gcc/avr/5.4.0/avr51/libgcc.a(_udivmodhi4.o)
                0x0000000000001d8a                __udivmodhi4
 .text.libgcc   0x0000000000001db2        0x0 /opt/avr8-gnu-toolchain-linux_x86_64/bin/../lib/gcc/avr/5.4.0/avr51/libgcc.a(_udivmodhi4.o)
 .text.libgcc.prologue
                0x0000000000001db2        0x0 /opt/avr8-gnu-toolchain-linux_x86_64/bin/../lib/gcc/avr/5.4.0/avr51/libgcc.a(_udivmodhi4.o)
 .text.libgcc.builtins
                0x0000000000001db2        0x0 /opt/avr8-gnu-toolchain-linux_x86_64/bin/../lib/gcc/avr/5.4.0/avr51/libgcc.a(_udivmodhi4.o)
 .text.libgcc.fmul
                0x0000000000001db2        0x0 /opt/avr8-gnu-toolchain-linux_x86_64/bin/../lib/gcc/avr/5.4.0/avr51/libgcc.a(_udivmodhi4.o)
 .text.libgcc.fixed
                0x0000000000001db2        0x0 /opt/avr8-gnu-toolchain-linux_x86_64/bin/../lib/gcc/avr/5.4.0/avr51/libgcc.a(_udivmodhi4.o)
 .text.libgcc.mul
                0x0000000000001db2        0x0 /opt/avr8-gnu-toolchain-linux_x86_64/bin/../lib/gcc/avr/5.4.0/avr51/libgcc.a(_udivmodsi4.o)
 .text.libgcc.div
                0x0000000000001db2       0x44 /opt/avr8-gnu-toolchain-linux_x86_64/bin/../lib/gcc/avr/5.4.0/avr51/libgcc.a(_udivmodsi4.o)
                0x0000000000001db2                __udivmodsi4
 .text.libgcc   0x0000000000001df6        0x0 /opt/avr8-gnu-toolchain-linux_x86_64/bin/../lib/gcc/avr/5.4.0/avr51/libgcc.a(_udivmodsi4.o)
 .text.libgcc.prologue
                0x0000000000001df6        0x0 /opt/avr8-gnu-toolchain-linux_x86_64/bin/../lib/gcc/avr/5.4.0/avr51/libgcc.a(_udivmodsi4.o)
 .text.libgcc.builtins
                0x0000000000001df6        0x0 /opt/avr8-gnu-toolchain-linux_x86_64/bin/../lib/gcc/avr/5.4.0/avr51/libgcc.a(_udivmodsi4.o)
 .text.libgcc.fmul
                0x0000000000001df6        0x0 /opt/avr8-gnu-toolchain-linux_x86_64/bin/../lib/gcc/avr/5.4.0/avr51/libgcc.a(_udivmodsi4.o)
 .text.libgcc.fixed
                0x0000000000001df6        0x0 /opt/avr8-gnu-toolchain-linux_x86_64/bin/../lib/gcc/avr/5.4.0/avr51/libgcc.a(_udivmodsi4.o)
 .text.avr-libc
                0x0000000000001df6       0x16 /opt/avr8-gnu-toolchain-linux_x86_64/bin/../lib/gcc/avr/5.4.0/../../../../avr/lib/avr51/libc.a(itoa_ncheck.o)
                0x0000000000001df6                __itoa_ncheck
 .text.avr-libc
                0x0000000000001e0c       0x34 /opt/avr8-gnu-toolchain-linux_x86_64/bin/../lib/gcc/avr/5.4.0/../../../../avr/lib/avr51/libc.a(utoa_ncheck.o)
                0x0000000000001e0c                __utoa_ncheck
                0x0000000000001e0e                __utoa_common
 .text.avr-libc
                0x0000000000001e40       0x20 /opt/avr8-gnu-toolchain-linux_x86_64/bin/../lib/gcc/avr/5.4.0/../../../../avr/lib/avr51/libc.a(strrev.o)
                0x0000000000001e40                strrev
 .text.avr-libc
                0x0000000000001e60       0x10 /opt/avr8-gnu-toolchain-linux_x86_64/bin/../lib/gcc/avr/5.4.0/../../../../avr/lib/avr51/libatmega128.a(eerd_byte.o)
                0x0000000000001e60                eeprom_read_byte
 .text.avr-libc
                0x0000000000001e70        0xc /opt/avr8-gnu-toolchain-linux_x86_64/bin/../lib/gcc/avr/5.4.0/../../../../avr/lib/avr51/libatmega128.a(eerd_word.o)
                0x0000000000001e70                eeprom_read_word
 .text.avr-libc
                0x0000000000001e7c       0x1a /opt/avr8-gnu-toolchain-linux_x86_64/bin/../lib/gcc/avr/5.4.0/../../../../avr/lib/avr51/libatmega128.a(eewr_byte.o)
                0x0000000000001e7c                eeprom_write_byte
                0x0000000000001e7e                eeprom_write_r18
 .text.avr-libc
                0x0000000000001e96        0xa /opt/avr8-gnu-toolchain-linux_x86_64/bin/../lib/gcc/avr/5.4.0/../../../../avr/lib/avr51/libatmega128.a(eewr_word.o)
                0x0000000000001e96                eeprom_write_word
 .text.avr-libc
                0x0000000000001ea0       0x20 /opt/avr8-gnu-toolchain-linux_x86_64/bin/../lib/gcc/avr/5.4.0/../../../../avr/lib/avr51/libatmega128.a(eerd_block.o)
                0x0000000000001ea0                eeprom_read_block
                0x0000000000001ea4                eeprom_read_blraw
                0x0000000000001ec0                . = ALIGN (0x2)
 *(.fini9)
 .fini9         0x0000000000001ec0        0x0 /opt/avr8-gnu-toolchain-linux_x86_64/bin/../lib/gcc/avr/5.4.0/avr51/libgcc.a(_exit.o)
                0x0000000000001ec0                exit
                0x0000000000001ec0                _exit
 *(.fini9)
 *(.fini8)
 *(.fini8)
 *(.fini7)
 *(.fini7)
 *(.fini6)
 *(.fini6)
 *(.fini5)
 *(.fini5)
 *(.fini4)
 *(.fini4)
 *(.fini3)
 *(.fini3)
 *(.fini2)
 *(.fini2)
 *(.fini1)
 *(.fini1)
 *(.fini0)
 .fini0         0x0000000000001ec0        0x4 /opt/avr8-gnu-toolchain-linux_x86_64/bin/../lib/gcc/avr/5.4.0/avr51/libgcc.a(_exit.o)
 *(.fini0)
                0x0000000000001ec4                _etext = .

.data           0x0000000000800100      0x12c load address 0x0000000000001ec4
                0x0000000000800100                PROVIDE (__data_start, .)
 *(.data)
 .data          0x0000000000800100        0x0 /opt/avr8-gnu-toolchain-linux_x86_64/bin/../lib/gcc/avr/5.4.0/../../../../avr/lib/avr51/crtatmega128.o
 .data          0x0000000000800100       0x26 lab6.o
                0x0000000000800100                dec_to_7seg
                0x0000000000800112                prev_mode
                0x0000000000800114                mil
                0x0000000000800115                volume
                0x0000000000800116                lcd_array
 .data          0x0000000000800126        0x0 hd44780.o
 .data          0x0000000000800126        0x0 twi_master.o
 .data          0x0000000000800126        0x0 lm73_functions.o
 .data          0x0000000000800126        0x0 uart_functions.o
 .data          0x0000000000800126        0x0 si4734.o
 .data          0x0000000000800126        0x0 /opt/avr8-gnu-toolchain-linux_x86_64/bin/../lib/gcc/avr/5.4.0/avr51/libgcc.a(_divmodhi4.o)
 .data          0x0000000000800126        0x0 /opt/avr8-gnu-toolchain-linux_x86_64/bin/../lib/gcc/avr/5.4.0/avr51/libgcc.a(_divmodsi4.o)
 .data          0x0000000000800126        0x0 /opt/avr8-gnu-toolchain-linux_x86_64/bin/../lib/gcc/avr/5.4.0/avr51/libgcc.a(_negsi2.o)
 .data          0x0000000000800126        0x0 /opt/avr8-gnu-toolchain-linux_x86_64/bin/../lib/gcc/avr/5.4.0/avr51/libgcc.a(_exit.o)
 .data          0x0000000000800126        0x0 /opt/avr8-gnu-toolchain-linux_x86_64/bin/../lib/gcc/avr/5.4.0/avr51/libgcc.a(_tablejump2.o)
 .data          0x0000000000800126        0x0 /opt/avr8-gnu-toolchain-linux_x86_64/bin/../lib/gcc/avr/5.4.0/avr51/libgcc.a(_copy_data.o)
 .data          0x0000000000800126        0x0 /opt/avr8-gnu-toolchain-linux_x86_64/bin/../lib/gcc/avr/5.4.0/avr51/libgcc.a(_clear_bss.o)
 .data          0x0000000000800126        0x0 /opt/avr8-gnu-toolchain-linux_x86_64/bin/../lib/gcc/avr/5.4.0/avr51/libgcc.a(_udivmodhi4.o)
 .data          0x0000000000800126        0x0 /opt/avr8-gnu-toolchain-linux_x86_64/bin/../lib/gcc/avr/5.4.0/avr51/libgcc.a(_udivmodsi4.o)
 .data          0x0000000000800126        0x0 /opt/avr8-gnu-toolchain-linux_x86_64/bin/../lib/gcc/avr/5.4.0/../../../../avr/lib/avr51/libc.a(itoa_ncheck.o)
 .data          0x0000000000800126        0x0 /opt/avr8-gnu-toolchain-linux_x86_64/bin/../lib/gcc/avr/5.4.0/../../../../avr/lib/avr51/libc.a(utoa_ncheck.o)
 .data          0x0000000000800126        0x0 /opt/avr8-gnu-toolchain-linux_x86_64/bin/../lib/gcc/avr/5.4.0/../../../../avr/lib/avr51/libc.a(strrev.o)
 .data          0x0000000000800126        0x0 /opt/avr8-gnu-toolchain-linux_x86_64/bin/../lib/gcc/avr/5.4.0/../../../../avr/lib/avr51/libatmega128.a(eerd_byte.o)
 .data          0x0000000000800126        0x0 /opt/avr8-gnu-toolchain-linux_x86_64/bin/../lib/gcc/avr/5.4.0/../../../../avr/lib/avr51/libatmega128.a(eerd_word.o)
 .data          0x0000000000800126        0x0 /opt/avr8-gnu-toolchain-linux_x86_64/bin/../lib/gcc/avr/5.4.0/../../../../avr/lib/avr51/libatmega128.a(eewr_byte.o)
 .data          0x0000000000800126        0x0 /opt/avr8-gnu-toolchain-linux_x86_64/bin/../lib/gcc/avr/5.4.0/../../../../avr/lib/avr51/libatmega128.a(eewr_word.o)
 .data          0x0000000000800126        0x0 /opt/avr8-gnu-toolchain-linux_x86_64/bin/../lib/gcc/avr/5.4.0/../../../../avr/lib/avr51/libatmega128.a(eerd_block.o)
 *(.data*)
 *(.gnu.linkonce.d*)
 *(.rodata)
 *(.rodata*)
 .rodata.str1.1
                0x0000000000800126        0x8 lab6.o
                                          0xe (size before relaxing)
 .rodata.str1.1
                0x000000000080012e       0xfd si4734.o
                                        0x10e (size before relaxing)
 *(.gnu.linkonce.r*)
                0x000000000080022c                . = ALIGN (0x2)
 *fill*         0x000000000080022b        0x1 
                0x000000000080022c                _edata = .
                0x000000000080022c                PROVIDE (__data_end, .)

.bss            0x000000000080022c       0xff
                0x000000000080022c                PROVIDE (__bss_start, .)
 *(.bss)
 .bss           0x000000000080022c        0x0 /opt/avr8-gnu-toolchain-linux_x86_64/bin/../lib/gcc/avr/5.4.0/../../../../avr/lib/avr51/crtatmega128.o
 .bss           0x000000000080022c       0x2a lab6.o
                0x000000000080022c                segment_data
                0x0000000000800231                mode_sel
                0x0000000000800233                sum
                0x0000000000800235                mult
                0x0000000000800237                hex
                0x0000000000800238                snooze
                0x0000000000800239                alarm
                0x000000000080023a                am_pm
                0x000000000080023b                a_hour_count
                0x000000000080023c                a_min_count
                0x000000000080023d                a_sec_count
                0x000000000080023e                hour_count
                0x000000000080023f                min_count
                0x0000000000800240                sec_count
                0x0000000000800241                send_seq
 .bss           0x0000000000800256        0x1 hd44780.o
 .bss           0x0000000000800257        0x1 twi_master.o
 .bss           0x0000000000800258        0x0 lm73_functions.o
 .bss           0x0000000000800258        0x0 uart_functions.o
 .bss           0x0000000000800258        0x0 si4734.o
 .bss           0x0000000000800258        0x0 /opt/avr8-gnu-toolchain-linux_x86_64/bin/../lib/gcc/avr/5.4.0/avr51/libgcc.a(_divmodhi4.o)
 .bss           0x0000000000800258        0x0 /opt/avr8-gnu-toolchain-linux_x86_64/bin/../lib/gcc/avr/5.4.0/avr51/libgcc.a(_divmodsi4.o)
 .bss           0x0000000000800258        0x0 /opt/avr8-gnu-toolchain-linux_x86_64/bin/../lib/gcc/avr/5.4.0/avr51/libgcc.a(_negsi2.o)
 .bss           0x0000000000800258        0x0 /opt/avr8-gnu-toolchain-linux_x86_64/bin/../lib/gcc/avr/5.4.0/avr51/libgcc.a(_exit.o)
 .bss           0x0000000000800258        0x0 /opt/avr8-gnu-toolchain-linux_x86_64/bin/../lib/gcc/avr/5.4.0/avr51/libgcc.a(_tablejump2.o)
 .bss           0x0000000000800258        0x0 /opt/avr8-gnu-toolchain-linux_x86_64/bin/../lib/gcc/avr/5.4.0/avr51/libgcc.a(_copy_data.o)
 .bss           0x0000000000800258        0x0 /opt/avr8-gnu-toolchain-linux_x86_64/bin/../lib/gcc/avr/5.4.0/avr51/libgcc.a(_clear_bss.o)
 .bss           0x0000000000800258        0x0 /opt/avr8-gnu-toolchain-linux_x86_64/bin/../lib/gcc/avr/5.4.0/avr51/libgcc.a(_udivmodhi4.o)
 .bss           0x0000000000800258        0x0 /opt/avr8-gnu-toolchain-linux_x86_64/bin/../lib/gcc/avr/5.4.0/avr51/libgcc.a(_udivmodsi4.o)
 .bss           0x0000000000800258        0x0 /opt/avr8-gnu-toolchain-linux_x86_64/bin/../lib/gcc/avr/5.4.0/../../../../avr/lib/avr51/libc.a(itoa_ncheck.o)
 .bss           0x0000000000800258        0x0 /opt/avr8-gnu-toolchain-linux_x86_64/bin/../lib/gcc/avr/5.4.0/../../../../avr/lib/avr51/libc.a(utoa_ncheck.o)
 .bss           0x0000000000800258        0x0 /opt/avr8-gnu-toolchain-linux_x86_64/bin/../lib/gcc/avr/5.4.0/../../../../avr/lib/avr51/libc.a(strrev.o)
 .bss           0x0000000000800258        0x0 /opt/avr8-gnu-toolchain-linux_x86_64/bin/../lib/gcc/avr/5.4.0/../../../../avr/lib/avr51/libatmega128.a(eerd_byte.o)
 .bss           0x0000000000800258        0x0 /opt/avr8-gnu-toolchain-linux_x86_64/bin/../lib/gcc/avr/5.4.0/../../../../avr/lib/avr51/libatmega128.a(eerd_word.o)
 .bss           0x0000000000800258        0x0 /opt/avr8-gnu-toolchain-linux_x86_64/bin/../lib/gcc/avr/5.4.0/../../../../avr/lib/avr51/libatmega128.a(eewr_byte.o)
 .bss           0x0000000000800258        0x0 /opt/avr8-gnu-toolchain-linux_x86_64/bin/../lib/gcc/avr/5.4.0/../../../../avr/lib/avr51/libatmega128.a(eewr_word.o)
 .bss           0x0000000000800258        0x0 /opt/avr8-gnu-toolchain-linux_x86_64/bin/../lib/gcc/avr/5.4.0/../../../../avr/lib/avr51/libatmega128.a(eerd_block.o)
 *(.bss*)
 *(COMMON)
 COMMON         0x0000000000800258       0x19 lab6.o
                0x0000000000800258                rcv_rdy
                0x0000000000800259                l_temp
                0x000000000080025b                lcd_string
                0x000000000080025e                EC_b_prev
                0x000000000080025f                lcd_str_array
                0x000000000080026f                rx_char
                0x0000000000800270                EC_a_prev
 COMMON         0x0000000000800271       0x30 hd44780.o
                0x0000000000800271                lcd_string_array
                0x0000000000800291                lcd_str
 COMMON         0x00000000008002a1        0x5 twi_master.o
                0x00000000008002a1                twi_state
                0x00000000008002a2                twi_buf
                0x00000000008002a4                twi_bus_addr
                0x00000000008002a5                twi_msg_size
 COMMON         0x00000000008002a6        0x4 lm73_functions.o
                0x00000000008002a6                lm73_wr_buf
                0x00000000008002a8                lm73_rd_buf
 COMMON         0x00000000008002aa       0x50 uart_functions.o
                0x00000000008002aa                uart_tx_buf
                0x00000000008002d2                uart_rx_buf
 COMMON         0x00000000008002fa       0x31 si4734.o
                0x00000000008002fa                si4734_wr_buf
                0x0000000000800303                si4734_tune_status_buf
                0x000000000080030b                si4734_revision_buf
                0x000000000080031b                STC_interrupt
                0x000000000080031c                si4734_rd_buf
                0x000000000080032b                PROVIDE (__bss_end, .)
                0x0000000000001ec4                __data_load_start = LOADADDR (.data)
                0x0000000000001ff0                __data_load_end = (__data_load_start + SIZEOF (.data))

.noinit         0x000000000080032b        0x0
                [!provide]                        PROVIDE (__noinit_start, .)
 *(.noinit*)
                [!provide]                        PROVIDE (__noinit_end, .)
                0x000000000080032b                _end = .
                [!provide]                        PROVIDE (__heap_start, .)

.eeprom         0x0000000000810000        0x0
 *(.eeprom*)
                0x0000000000810000                __eeprom_end = .

.fuse
 *(.fuse)
 *(.lfuse)
 *(.hfuse)
 *(.efuse)

.lock
 *(.lock*)

.signature
 *(.signature*)

.user_signatures
 *(.user_signatures*)

.stab
 *(.stab)

.stabstr
 *(.stabstr)

.stab.excl
 *(.stab.excl)

.stab.exclstr
 *(.stab.exclstr)

.stab.index
 *(.stab.index)

.stab.indexstr
 *(.stab.indexstr)

.comment        0x0000000000000000       0x30
 *(.comment)
 .comment       0x0000000000000000       0x30 lab6.o
                                         0x31 (size before relaxing)
 .comment       0x0000000000000030       0x31 hd44780.o
 .comment       0x0000000000000030       0x31 twi_master.o
 .comment       0x0000000000000030       0x31 lm73_functions.o
 .comment       0x0000000000000030       0x31 uart_functions.o
 .comment       0x0000000000000030       0x31 si4734.o

.note.gnu.avr.deviceinfo
                0x0000000000000000       0x3c
 .note.gnu.avr.deviceinfo
                0x0000000000000000       0x3c /opt/avr8-gnu-toolchain-linux_x86_64/bin/../lib/gcc/avr/5.4.0/../../../../avr/lib/avr51/crtatmega128.o

.note.gnu.build-id
 *(.note.gnu.build-id)

.debug
 *(.debug)

.line
 *(.line)

.debug_srcinfo
 *(.debug_srcinfo)

.debug_sfnames
 *(.debug_sfnames)

.debug_aranges  0x0000000000000000       0xc8
 *(.debug_aranges)
 .debug_aranges
                0x0000000000000000       0x28 lab6.o
 .debug_aranges
                0x0000000000000028       0x20 hd44780.o
 .debug_aranges
                0x0000000000000048       0x20 twi_master.o
 .debug_aranges
                0x0000000000000068       0x20 lm73_functions.o
 .debug_aranges
                0x0000000000000088       0x20 uart_functions.o
 .debug_aranges
                0x00000000000000a8       0x20 si4734.o

.debug_pubnames
 *(.debug_pubnames)

.debug_info     0x0000000000000000     0x3ce8
 *(.debug_info .gnu.linkonce.wi.*)
 .debug_info    0x0000000000000000      0x780 /opt/avr8-gnu-toolchain-linux_x86_64/bin/../lib/gcc/avr/5.4.0/../../../../avr/lib/avr51/crtatmega128.o
 .debug_info    0x0000000000000780      0xc6a lab6.o
 .debug_info    0x00000000000013ea     0x1300 hd44780.o
 .debug_info    0x00000000000026ea      0x1de twi_master.o
 .debug_info    0x00000000000028c8      0x116 lm73_functions.o
 .debug_info    0x00000000000029de      0x226 uart_functions.o
 .debug_info    0x0000000000002c04     0x10e4 si4734.o

.debug_abbrev   0x0000000000000000     0x13b2
 *(.debug_abbrev)
 .debug_abbrev  0x0000000000000000      0x718 /opt/avr8-gnu-toolchain-linux_x86_64/bin/../lib/gcc/avr/5.4.0/../../../../avr/lib/avr51/crtatmega128.o
 .debug_abbrev  0x0000000000000718      0x3be lab6.o
 .debug_abbrev  0x0000000000000ad6      0x2fc hd44780.o
 .debug_abbrev  0x0000000000000dd2      0x101 twi_master.o
 .debug_abbrev  0x0000000000000ed3       0xb3 lm73_functions.o
 .debug_abbrev  0x0000000000000f86      0x16f uart_functions.o
 .debug_abbrev  0x00000000000010f5      0x2bd si4734.o

.debug_line     0x0000000000000000     0x1a9a
 *(.debug_line .debug_line.* .debug_line_end)
 .debug_line    0x0000000000000000       0x1a /opt/avr8-gnu-toolchain-linux_x86_64/bin/../lib/gcc/avr/5.4.0/../../../../avr/lib/avr51/crtatmega128.o
 .debug_line    0x000000000000001a      0x8ff lab6.o
 .debug_line    0x0000000000000919      0x8fc hd44780.o
 .debug_line    0x0000000000001215      0x18f twi_master.o
 .debug_line    0x00000000000013a4       0x81 lm73_functions.o
 .debug_line    0x0000000000001425      0x137 uart_functions.o
 .debug_line    0x000000000000155c      0x53e si4734.o

.debug_frame    0x0000000000000000      0x69c
 *(.debug_frame)
 .debug_frame   0x0000000000000000      0x248 lab6.o
 .debug_frame   0x0000000000000248      0x210 hd44780.o
 .debug_frame   0x0000000000000458       0x98 twi_master.o
 .debug_frame   0x00000000000004f0       0x24 lm73_functions.o
 .debug_frame   0x0000000000000514       0x64 uart_functions.o
 .debug_frame   0x0000000000000578      0x124 si4734.o

.debug_str      0x0000000000000000      0xa9e
 *(.debug_str)
 .debug_str     0x0000000000000000      0x27d /opt/avr8-gnu-toolchain-linux_x86_64/bin/../lib/gcc/avr/5.4.0/../../../../avr/lib/avr51/crtatmega128.o
 .debug_str     0x000000000000027d      0x3bd lab6.o
                                        0x44a (size before relaxing)
 .debug_str     0x000000000000063a      0x146 hd44780.o
                                        0x2e2 (size before relaxing)
 .debug_str     0x0000000000000780       0x75 twi_master.o
                                        0x162 (size before relaxing)
 .debug_str     0x00000000000007f5       0x2f lm73_functions.o
                                        0x129 (size before relaxing)
 .debug_str     0x0000000000000824       0x57 uart_functions.o
                                        0x152 (size before relaxing)
 .debug_str     0x000000000000087b      0x223 si4734.o
                                        0x3c2 (size before relaxing)

.debug_loc      0x0000000000000000     0x243a
 *(.debug_loc)
 .debug_loc     0x0000000000000000      0x5b3 lab6.o
 .debug_loc     0x00000000000005b3     0x1640 hd44780.o
 .debug_loc     0x0000000000001bf3       0xd9 twi_master.o
 .debug_loc     0x0000000000001ccc       0x26 lm73_functions.o
 .debug_loc     0x0000000000001cf2      0x170 uart_functions.o
 .debug_loc     0x0000000000001e62      0x5d8 si4734.o

.debug_macinfo
 *(.debug_macinfo)

.debug_weaknames
 *(.debug_weaknames)

.debug_funcnames
 *(.debug_funcnames)

.debug_typenames
 *(.debug_typenames)

.debug_varnames
 *(.debug_varnames)

.debug_pubtypes
 *(.debug_pubtypes)

.debug_ranges   0x0000000000000000       0xe0
 *(.debug_ranges)
 .debug_ranges  0x0000000000000000       0x48 lab6.o
 .debug_ranges  0x0000000000000048       0x80 hd44780.o
 .debug_ranges  0x00000000000000c8       0x18 uart_functions.o

.debug_macro
 *(.debug_macro)
OUTPUT(lab6.elf elf32-avr)
LOAD linker stubs
